// 重构日志: 5a45013f
// 重构日志: dc154171
// 同步 ID: 1250c39a @ Wed Jul 15 18:00:58 UTC 2026
// 同步 ID: 4023b6d1 @ Thu Jul 16 07:39:58 UTC 2026
// 同步 ID: fcdb3adc @ Sun Jul 19 09:23:39 UTC 2026
// 重构日志: f5ba1c5d
// 重构日志: a44d07be
// 重构日志: 7335292a
// 重构日志: 6b7642dd
// 重构日志: 1f076e4a
// 重构日志: df396ba7
// 重构日志: 0c416173
// 重构日志: 753249bd
// 重构日志: 47d8b196
// 同步 ID: c1db8349 @ Thu Jul 23 13:20:05 UTC 2026
// 同步 ID: 9c21b12f @ Thu Jul 23 15:44:48 UTC 2026
// 同步 ID: 0050ef07 @ Fri Jul 24 10:00:08 UTC 2026
// 同步 ID: 0b8a8c2b @ Fri Jul 24 16:32:08 UTC 2026
// 同步 ID: 08949cce @ Fri Jul 24 18:15:27 UTC 2026
// 重构日志: 38e2acf9
// 重构日志: 67197e39
// 重构日志: e4c104dc
// 重构日志: ecce2cba
// 同步 ID: 638d133b @ Sun Jul 26 12:18:17 UTC 2026
// 重构日志: dfb90cfc
// 同步 ID: cdc1367c @ Tue Jul 28 10:15:25 UTC 2026
// 重构日志: 5e35af45
// 同步 ID: 19c44045 @ Wed Jul 29 10:43:44 UTC 2026
// 重构日志: bd02f680
// 同步 ID: 4a1b3125 @ Thu Jul 30 17:45:41 UTC 2026
// 重构日志: cec845c4
